// Jest Snapshot v1, https://goo.gl/fbAQLP

exports[`@LeagueBot start <teamSize> <date> 1`] = `
Object {
  "jhan": Object {
    "id": "jhan",
    "loss": 3,
    "matches": Array [
      Object {
        "id": "h000-2-3",
        "league": "h000-2",
        "players": Object {
          "jhan": Object {
            "team": 1,
          },
          "partial_cloud": Object {
            "team": 2,
          },
          "pugslypuggleton": Object {
            "team": 2,
          },
          "space": Object {
            "team": 1,
          },
        },
        "teamSize": 2,
        "timestamp": 1579064400000,
        "winner": 2,
      },
      Object {
        "id": "h000-2-4",
        "league": "h000-2",
        "players": Object {
          "jhan": Object {
            "team": 1,
          },
          "partial_cloud": Object {
            "team": 2,
          },
          "pugslypuggleton": Object {
            "team": 2,
          },
          "space": Object {
            "team": 1,
          },
        },
        "teamSize": 2,
        "timestamp": 1579064400000,
        "winner": 2,
      },
      Object {
        "id": "h000-2-5",
        "league": "h000-2",
        "players": Object {
          "jhan": Object {
            "team": 1,
          },
          "partial_cloud": Object {
            "team": 2,
          },
          "pugslypuggleton": Object {
            "team": 2,
          },
          "space": Object {
            "team": 1,
          },
        },
        "teamSize": 2,
        "timestamp": 1580446800000,
        "winner": 2,
      },
    ],
    "points": -3,
    "ratio": 0,
    "win": 0,
  },
  "partial_cloud": Object {
    "id": "partial_cloud",
    "loss": 0,
    "matches": Array [
      Object {
        "id": "h000-2-3",
        "league": "h000-2",
        "players": Object {
          "jhan": Object {
            "team": 1,
          },
          "partial_cloud": Object {
            "team": 2,
          },
          "pugslypuggleton": Object {
            "team": 2,
          },
          "space": Object {
            "team": 1,
          },
        },
        "teamSize": 2,
        "timestamp": 1579064400000,
        "winner": 2,
      },
      Object {
        "id": "h000-2-4",
        "league": "h000-2",
        "players": Object {
          "jhan": Object {
            "team": 1,
          },
          "partial_cloud": Object {
            "team": 2,
          },
          "pugslypuggleton": Object {
            "team": 2,
          },
          "space": Object {
            "team": 1,
          },
        },
        "teamSize": 2,
        "timestamp": 1579064400000,
        "winner": 2,
      },
      Object {
        "id": "h000-2-5",
        "league": "h000-2",
        "players": Object {
          "jhan": Object {
            "team": 1,
          },
          "partial_cloud": Object {
            "team": 2,
          },
          "pugslypuggleton": Object {
            "team": 2,
          },
          "space": Object {
            "team": 1,
          },
        },
        "teamSize": 2,
        "timestamp": 1580446800000,
        "winner": 2,
      },
    ],
    "points": 3,
    "ratio": 1,
    "win": 3,
  },
  "pugslypuggleton": Object {
    "id": "pugslypuggleton",
    "loss": 0,
    "matches": Array [
      Object {
        "id": "h000-2-3",
        "league": "h000-2",
        "players": Object {
          "jhan": Object {
            "team": 1,
          },
          "partial_cloud": Object {
            "team": 2,
          },
          "pugslypuggleton": Object {
            "team": 2,
          },
          "space": Object {
            "team": 1,
          },
        },
        "teamSize": 2,
        "timestamp": 1579064400000,
        "winner": 2,
      },
      Object {
        "id": "h000-2-4",
        "league": "h000-2",
        "players": Object {
          "jhan": Object {
            "team": 1,
          },
          "partial_cloud": Object {
            "team": 2,
          },
          "pugslypuggleton": Object {
            "team": 2,
          },
          "space": Object {
            "team": 1,
          },
        },
        "teamSize": 2,
        "timestamp": 1579064400000,
        "winner": 2,
      },
      Object {
        "id": "h000-2-5",
        "league": "h000-2",
        "players": Object {
          "jhan": Object {
            "team": 1,
          },
          "partial_cloud": Object {
            "team": 2,
          },
          "pugslypuggleton": Object {
            "team": 2,
          },
          "space": Object {
            "team": 1,
          },
        },
        "teamSize": 2,
        "timestamp": 1580446800000,
        "winner": 2,
      },
    ],
    "points": 3,
    "ratio": 1,
    "win": 3,
  },
  "space": Object {
    "id": "space",
    "loss": 3,
    "matches": Array [
      Object {
        "id": "h000-2-3",
        "league": "h000-2",
        "players": Object {
          "jhan": Object {
            "team": 1,
          },
          "partial_cloud": Object {
            "team": 2,
          },
          "pugslypuggleton": Object {
            "team": 2,
          },
          "space": Object {
            "team": 1,
          },
        },
        "teamSize": 2,
        "timestamp": 1579064400000,
        "winner": 2,
      },
      Object {
        "id": "h000-2-4",
        "league": "h000-2",
        "players": Object {
          "jhan": Object {
            "team": 1,
          },
          "partial_cloud": Object {
            "team": 2,
          },
          "pugslypuggleton": Object {
            "team": 2,
          },
          "space": Object {
            "team": 1,
          },
        },
        "teamSize": 2,
        "timestamp": 1579064400000,
        "winner": 2,
      },
      Object {
        "id": "h000-2-5",
        "league": "h000-2",
        "players": Object {
          "jhan": Object {
            "team": 1,
          },
          "partial_cloud": Object {
            "team": 2,
          },
          "pugslypuggleton": Object {
            "team": 2,
          },
          "space": Object {
            "team": 1,
          },
        },
        "teamSize": 2,
        "timestamp": 1580446800000,
        "winner": 2,
      },
    ],
    "points": -3,
    "ratio": 0,
    "win": 0,
  },
}
`;

exports[`@LeagueBot start <teamSize> <date> 2`] = `
Object {
  "jhan": Object {
    "id": "jhan",
    "loss": 2,
    "matches": Array [
      Object {
        "id": "h000-2-3",
        "league": "h000-2",
        "players": Object {
          "jhan": Object {
            "team": 1,
          },
          "partial_cloud": Object {
            "team": 2,
          },
          "pugslypuggleton": Object {
            "team": 2,
          },
          "space": Object {
            "team": 1,
          },
        },
        "teamSize": 2,
        "timestamp": 1579064400000,
        "winner": 2,
      },
      Object {
        "id": "h000-2-4",
        "league": "h000-2",
        "players": Object {
          "jhan": Object {
            "team": 1,
          },
          "partial_cloud": Object {
            "team": 2,
          },
          "pugslypuggleton": Object {
            "team": 2,
          },
          "space": Object {
            "team": 1,
          },
        },
        "teamSize": 2,
        "timestamp": 1579064400000,
        "winner": 2,
      },
    ],
    "points": -2,
    "ratio": 0,
    "win": 0,
  },
  "partial_cloud": Object {
    "id": "partial_cloud",
    "loss": 0,
    "matches": Array [
      Object {
        "id": "h000-2-3",
        "league": "h000-2",
        "players": Object {
          "jhan": Object {
            "team": 1,
          },
          "partial_cloud": Object {
            "team": 2,
          },
          "pugslypuggleton": Object {
            "team": 2,
          },
          "space": Object {
            "team": 1,
          },
        },
        "teamSize": 2,
        "timestamp": 1579064400000,
        "winner": 2,
      },
      Object {
        "id": "h000-2-4",
        "league": "h000-2",
        "players": Object {
          "jhan": Object {
            "team": 1,
          },
          "partial_cloud": Object {
            "team": 2,
          },
          "pugslypuggleton": Object {
            "team": 2,
          },
          "space": Object {
            "team": 1,
          },
        },
        "teamSize": 2,
        "timestamp": 1579064400000,
        "winner": 2,
      },
    ],
    "points": 2,
    "ratio": 1,
    "win": 2,
  },
  "pugslypuggleton": Object {
    "id": "pugslypuggleton",
    "loss": 0,
    "matches": Array [
      Object {
        "id": "h000-2-3",
        "league": "h000-2",
        "players": Object {
          "jhan": Object {
            "team": 1,
          },
          "partial_cloud": Object {
            "team": 2,
          },
          "pugslypuggleton": Object {
            "team": 2,
          },
          "space": Object {
            "team": 1,
          },
        },
        "teamSize": 2,
        "timestamp": 1579064400000,
        "winner": 2,
      },
      Object {
        "id": "h000-2-4",
        "league": "h000-2",
        "players": Object {
          "jhan": Object {
            "team": 1,
          },
          "partial_cloud": Object {
            "team": 2,
          },
          "pugslypuggleton": Object {
            "team": 2,
          },
          "space": Object {
            "team": 1,
          },
        },
        "teamSize": 2,
        "timestamp": 1579064400000,
        "winner": 2,
      },
    ],
    "points": 2,
    "ratio": 1,
    "win": 2,
  },
  "space": Object {
    "id": "space",
    "loss": 2,
    "matches": Array [
      Object {
        "id": "h000-2-3",
        "league": "h000-2",
        "players": Object {
          "jhan": Object {
            "team": 1,
          },
          "partial_cloud": Object {
            "team": 2,
          },
          "pugslypuggleton": Object {
            "team": 2,
          },
          "space": Object {
            "team": 1,
          },
        },
        "teamSize": 2,
        "timestamp": 1579064400000,
        "winner": 2,
      },
      Object {
        "id": "h000-2-4",
        "league": "h000-2",
        "players": Object {
          "jhan": Object {
            "team": 1,
          },
          "partial_cloud": Object {
            "team": 2,
          },
          "pugslypuggleton": Object {
            "team": 2,
          },
          "space": Object {
            "team": 1,
          },
        },
        "teamSize": 2,
        "timestamp": 1579064400000,
        "winner": 2,
      },
    ],
    "points": -2,
    "ratio": 0,
    "win": 0,
  },
}
`;
