// Jest Snapshot v1, https://goo.gl/fbAQLP

exports[`get 1s combos 1`] = `
Array [
  Array [
    1,
    2,
  ],
]
`;

exports[`get 2s combos 1`] = `
Array [
  Array [
    1,
    1,
    2,
    2,
  ],
  Array [
    1,
    2,
    1,
    2,
  ],
  Array [
    1,
    2,
    2,
    1,
  ],
]
`;

exports[`get 3s combos 1`] = `
Array [
  Array [
    1,
    1,
    1,
    2,
    2,
    2,
  ],
  Array [
    1,
    1,
    2,
    1,
    2,
    2,
  ],
  Array [
    1,
    1,
    2,
    2,
    1,
    2,
  ],
  Array [
    1,
    1,
    2,
    2,
    2,
    1,
  ],
  Array [
    1,
    2,
    1,
    1,
    2,
    2,
  ],
  Array [
    1,
    2,
    1,
    2,
    1,
    2,
  ],
  Array [
    1,
    2,
    1,
    2,
    2,
    1,
  ],
  Array [
    1,
    2,
    2,
    1,
    1,
    2,
  ],
  Array [
    1,
    2,
    2,
    1,
    2,
    1,
  ],
  Array [
    1,
    2,
    2,
    2,
    1,
    1,
  ],
]
`;

exports[`get 4s combos 1`] = `
Array [
  Array [
    1,
    1,
    1,
    1,
    2,
    2,
    2,
    2,
  ],
  Array [
    1,
    1,
    1,
    2,
    1,
    2,
    2,
    2,
  ],
  Array [
    1,
    1,
    1,
    2,
    2,
    1,
    2,
    2,
  ],
  Array [
    1,
    1,
    1,
    2,
    2,
    2,
    1,
    2,
  ],
  Array [
    1,
    1,
    1,
    2,
    2,
    2,
    2,
    1,
  ],
  Array [
    1,
    1,
    2,
    1,
    1,
    2,
    2,
    2,
  ],
  Array [
    1,
    1,
    2,
    1,
    2,
    1,
    2,
    2,
  ],
  Array [
    1,
    1,
    2,
    1,
    2,
    2,
    1,
    2,
  ],
  Array [
    1,
    1,
    2,
    1,
    2,
    2,
    2,
    1,
  ],
  Array [
    1,
    1,
    2,
    2,
    1,
    1,
    2,
    2,
  ],
  Array [
    1,
    1,
    2,
    2,
    1,
    2,
    1,
    2,
  ],
  Array [
    1,
    1,
    2,
    2,
    1,
    2,
    2,
    1,
  ],
  Array [
    1,
    1,
    2,
    2,
    2,
    1,
    1,
    2,
  ],
  Array [
    1,
    1,
    2,
    2,
    2,
    1,
    2,
    1,
  ],
  Array [
    1,
    1,
    2,
    2,
    2,
    2,
    1,
    1,
  ],
  Array [
    1,
    2,
    1,
    1,
    1,
    2,
    2,
    2,
  ],
  Array [
    1,
    2,
    1,
    1,
    2,
    1,
    2,
    2,
  ],
  Array [
    1,
    2,
    1,
    1,
    2,
    2,
    1,
    2,
  ],
  Array [
    1,
    2,
    1,
    1,
    2,
    2,
    2,
    1,
  ],
  Array [
    1,
    2,
    1,
    2,
    1,
    1,
    2,
    2,
  ],
  Array [
    1,
    2,
    1,
    2,
    1,
    2,
    1,
    2,
  ],
  Array [
    1,
    2,
    1,
    2,
    1,
    2,
    2,
    1,
  ],
  Array [
    1,
    2,
    1,
    2,
    2,
    1,
    1,
    2,
  ],
  Array [
    1,
    2,
    1,
    2,
    2,
    1,
    2,
    1,
  ],
  Array [
    1,
    2,
    1,
    2,
    2,
    2,
    1,
    1,
  ],
  Array [
    1,
    2,
    2,
    1,
    1,
    1,
    2,
    2,
  ],
  Array [
    1,
    2,
    2,
    1,
    1,
    2,
    1,
    2,
  ],
  Array [
    1,
    2,
    2,
    1,
    1,
    2,
    2,
    1,
  ],
  Array [
    1,
    2,
    2,
    1,
    2,
    1,
    1,
    2,
  ],
  Array [
    1,
    2,
    2,
    1,
    2,
    1,
    2,
    1,
  ],
  Array [
    1,
    2,
    2,
    1,
    2,
    2,
    1,
    1,
  ],
  Array [
    1,
    2,
    2,
    2,
    1,
    1,
    1,
    2,
  ],
  Array [
    1,
    2,
    2,
    2,
    1,
    1,
    2,
    1,
  ],
  Array [
    1,
    2,
    2,
    2,
    1,
    2,
    1,
    1,
  ],
  Array [
    1,
    2,
    2,
    2,
    2,
    1,
    1,
    1,
  ],
]
`;
